<?xml version="1.0" encoding="utf-8"?><testsuites name="pytest tests"><testsuite name="pytest" errors="0" failures="0" skipped="0" tests="28" time="131.873" timestamp="2026-01-18T16:47:06.197799+08:00" hostname="ColinThinkBook"><testcase classname="tests.test_external_tools" name="test_single_tool_call" time="51.980" /><testcase classname="tests.test_external_tools" name="test_parallel_tool_call" time="27.923" /><testcase classname="tests.test_external_tools" name="test_tool_availability" time="0.005" /><testcase classname="tests.unit.test_config_manager" name="test_config_load" time="0.006" /><testcase classname="tests.unit.test_config_manager" name="test_default_config_creation" time="0.004" /><testcase classname="tests.unit.test_config_manager" name="test_config_reload" time="0.005" /><testcase classname="tests.unit.test_data_manager" name="test_data_manager_basic" time="0.013" /><testcase classname="tests.unit.test_data_manager" name="test_session_management" time="0.019" /><testcase classname="tests.unit.test_data_manager" name="test_data_manager_exceptions" time="0.007" /><testcase classname="tests.unit.test_llm_service" name="test_analyze_question_empty_response" time="5.651" /><testcase classname="tests.unit.test_llm_service" name="test_analyze_question_invalid_json" time="5.700" /><testcase classname="tests.unit.test_llm_service" name="test_analyze_question_valid_json" time="5.481" /><testcase classname="tests.unit.test_llm_service" name="test_analyze_question_with_chinese_commas" time="5.365" /><testcase classname="tests.unit.test_llm_service" name="test_analyze_question_with_extra_text" time="5.442" /><testcase classname="tests.unit.test_llm_service" name="test_refine_question_with_clarifications" time="5.341" /><testcase classname="tests.unit.test_llm_service" name="test_refine_question_with_prefix" time="5.470" /><testcase classname="tests.unit.test_llm_service" name="test_refine_question_failure" time="5.557" /><testcase classname="tests.unit.test_logger" name="test_logger_basic" time="0.026" /><testcase classname="tests.unit.test_logger" name="test_logger_level" time="0.037" /><testcase classname="tests.unit.test_logger" name="test_logger_exception" time="0.018" /><testcase classname="tests.unit.test_logger" name="test_logger_file_switch" time="0.024" /><testcase classname="tests.unit.test_tool_manager" name="test_run_tool_not_found" time="0.014" /><testcase classname="tests.unit.test_tool_manager" name="test_run_tool_timeout" time="0.908" /><testcase classname="tests.unit.test_tool_manager" name="test_run_tool_exception" time="0.010" /><testcase classname="tests.unit.test_tool_manager" name="test_run_tool_success" time="0.013" /><testcase classname="tests.unit.test_tool_manager" name="test_run_tool_failure" time="0.002" /><testcase classname="tests.unit.test_tool_manager" name="test_command_construction" time="0.042" /><testcase classname="tests.unit.test_tool_manager" name="test_output_decoding" time="0.020" /></testsuite></testsuites>